Archive member included to satisfy reference by file (symbol)

ch32fun/ch32fun//../misc/libgcc.a(div.o)
                              /tmp/ccOFu1Kr.ltrans0.ltrans.o (__udivsi3)

Discarded input sections

 .text          0x00000000        0x0 /tmp/ccOFu1Kr.ltrans0.ltrans.o
 .data          0x00000000        0x0 /tmp/ccOFu1Kr.ltrans0.ltrans.o
 .bss           0x00000000        0x0 /tmp/ccOFu1Kr.ltrans0.ltrans.o
 .text.mini_pad
                0x00000000       0xa2 /tmp/ccOFu1Kr.ltrans0.ltrans.o
 .text._puts    0x00000000       0x40 /tmp/ccOFu1Kr.ltrans0.ltrans.o
 .text.mini_itoa.part.0
                0x00000000       0xcc /tmp/ccOFu1Kr.ltrans0.ltrans.o
 .text.__puts_uart
                0x00000000       0x20 /tmp/ccOFu1Kr.ltrans0.ltrans.o
 .text.strlen   0x00000000       0x12 /tmp/ccOFu1Kr.ltrans0.ltrans.o
 .text.mini_vpprintf
                0x00000000      0x1cc /tmp/ccOFu1Kr.ltrans0.ltrans.o
 .text.printf   0x00000000       0x30 /tmp/ccOFu1Kr.ltrans0.ltrans.o
 .text.vprintf  0x00000000       0x16 /tmp/ccOFu1Kr.ltrans0.ltrans.o
 .text.mini_vsnprintf
                0x00000000       0x3a /tmp/ccOFu1Kr.ltrans0.ltrans.o
 .text.snprintf
                0x00000000       0x1c /tmp/ccOFu1Kr.ltrans0.ltrans.o
 .text.sprintf  0x00000000       0x26 /tmp/ccOFu1Kr.ltrans0.ltrans.o
 .text.memset   0x00000000       0x12 /tmp/ccOFu1Kr.ltrans0.ltrans.o
 .text.strcpy   0x00000000       0x14 /tmp/ccOFu1Kr.ltrans0.ltrans.o
 .text.strncpy  0x00000000       0x1c /tmp/ccOFu1Kr.ltrans0.ltrans.o
 .text.strcmp   0x00000000       0x1a /tmp/ccOFu1Kr.ltrans0.ltrans.o
 .text.strncmp  0x00000000       0x2e /tmp/ccOFu1Kr.ltrans0.ltrans.o
 .text.strchr   0x00000000       0x16 /tmp/ccOFu1Kr.ltrans0.ltrans.o
 .text.strrchr  0x00000000       0x3c /tmp/ccOFu1Kr.ltrans0.ltrans.o
 .text.memcpy   0x00000000       0x1c /tmp/ccOFu1Kr.ltrans0.ltrans.o
 .text.memcmp   0x00000000       0x20 /tmp/ccOFu1Kr.ltrans0.ltrans.o
 .text.memmove  0x00000000       0x5e /tmp/ccOFu1Kr.ltrans0.ltrans.o
 .text.memchr   0x00000000       0x1a /tmp/ccOFu1Kr.ltrans0.ltrans.o
 .text.strnlen  0x00000000       0x2a /tmp/ccOFu1Kr.ltrans0.ltrans.o
 .text.twoway_strstr
                0x00000000      0x23e /tmp/ccOFu1Kr.ltrans0.ltrans.o
 .text.strstr   0x00000000      0x132 /tmp/ccOFu1Kr.ltrans0.ltrans.o
 .rodata.puts.str1.4
                0x00000000        0x2 /tmp/ccOFu1Kr.ltrans0.ltrans.o
 .text.puts     0x00000000       0x40 /tmp/ccOFu1Kr.ltrans0.ltrans.o
 .text.setjmp   0x00000000       0x10 /tmp/ccOFu1Kr.ltrans0.ltrans.o
 .text.longjmp  0x00000000       0x14 /tmp/ccOFu1Kr.ltrans0.ltrans.o
 .rodata.APBAHBPrescTable.lto_priv.0
                0x00000000       0x10 /tmp/ccOFu1Kr.ltrans0.ltrans.o
 .rodata.ADCPrescTable.lto_priv.0
                0x00000000       0x14 /tmp/ccOFu1Kr.ltrans0.ltrans.o
 .rodata.APBAHBPrescTable.lto_priv.1
                0x00000000       0x10 /tmp/ccOFu1Kr.ltrans0.ltrans.o
 .rodata.ADCPrescTable.lto_priv.1
                0x00000000       0x14 /tmp/ccOFu1Kr.ltrans0.ltrans.o
 .comment       0x00000000       0x23 /tmp/ccOFu1Kr.ltrans0.ltrans.o
 .comment       0x00000000       0x23 /tmp/ccDHmTp8.debug.temp.o
 .comment       0x00000000       0x23 /tmp/cc6tdpNV.debug.temp.o
 .text          0x00000000       0x80 ch32fun/ch32fun//../misc/libgcc.a(div.o)
 .data          0x00000000        0x0 ch32fun/ch32fun//../misc/libgcc.a(div.o)
 .bss           0x00000000        0x0 ch32fun/ch32fun//../misc/libgcc.a(div.o)
 .debug_line    0x00000000      0x153 ch32fun/ch32fun//../misc/libgcc.a(div.o)
 .debug_line_str
                0x00000000       0x92 ch32fun/ch32fun//../misc/libgcc.a(div.o)
 .debug_info    0x00000000       0x5d ch32fun/ch32fun//../misc/libgcc.a(div.o)
 .debug_abbrev  0x00000000       0x28 ch32fun/ch32fun//../misc/libgcc.a(div.o)
 .debug_aranges
                0x00000000       0x20 ch32fun/ch32fun//../misc/libgcc.a(div.o)
 .debug_str     0x00000000       0xd9 ch32fun/ch32fun//../misc/libgcc.a(div.o)
 .riscv.attributes
                0x00000000       0x1f ch32fun/ch32fun//../misc/libgcc.a(div.o)

Memory Configuration

Name             Origin             Length             Attributes
FLASH            0x00000000         0x00004000         xr
RAM              0x20000000         0x00000800         xrw
*default*        0x00000000         0xffffffff

Linker script and memory map

LOAD /tmp/ccnOFP0R.o
LOAD /tmp/ccOFu1Kr.ltrans0.ltrans.o
LOAD /tmp/ccDHmTp8.debug.temp.o
LOAD /tmp/cc6tdpNV.debug.temp.o
LOAD /tmp/ccZAbU0s.o
LOAD ch32fun/ch32fun//../misc/libgcc.a
LOAD ch32fun/ch32fun//../misc/libgcc.a

.init           0x00000000       0xa0
                0x00000000                        _sinit = .
                0x00000000                        . = ALIGN (0x4)
 *(SORT_NONE(.init))
 .init          0x00000000       0x9e /tmp/ccOFu1Kr.ltrans0.ltrans.o
                0x00000000                InterruptVectorDefault
                0x00000000                InterruptVector
                0x000000a0                        . = ALIGN (0x4)
 *fill*         0x0000009e        0x2 
                0x000000a0                        _einit = .

.text           0x000000a0      0x278
                0x000000a0                        . = ALIGN (0x4)
 *(.text)
 *(.text.*)
 .text.clearLeds
                0x000000a0       0x32 /tmp/ccOFu1Kr.ltrans0.ltrans.o
 .text.handle_reset
                0x000000d2       0x6c /tmp/ccOFu1Kr.ltrans0.ltrans.o
                0x000000d2                handle_reset
 .text.vector_handler
                0x0000013e       0x10 /tmp/ccOFu1Kr.ltrans0.ltrans.o
                0x0000013e                EXTI2_IRQHandler
                0x0000013e                TIM8_TRG_COM_IRQHandler
                0x0000013e                TIM8_CC_IRQHandler
                0x0000013e                USART_WKUP_IRQHandler
                0x0000013e                UART8_IRQHandler
                0x0000013e                SPI4_IRQHandler
                0x0000013e                NFC_IRQHandler
                0x0000013e                DFSDM0_IRQHandler
                0x0000013e                TIM1_CC_IRQHandler
                0x0000013e                HardFault_Handler
                0x0000013e                TIM10_IRQHandler
                0x0000013e                GPIOB_IRQHandler
                0x0000013e                IPC_CH2_Handler
                0x0000013e                USBPD_IRQHandler
                0x0000013e                TIM6_IRQHandler
                0x0000013e                GPIOA_IRQHandler
                0x0000013e                SysTick_Handler
                0x0000013e                CAN3_RX1_IRQHandler
                0x0000013e                I3C_ER_IRQHandler
                0x0000013e                PVD_IRQHandler
                0x0000013e                SDIO_IRQHandler
                0x0000013e                TIM9_BRK_IRQHandler
                0x0000013e                DMA2_Channel8_IRQHandler
                0x0000013e                CAN2_RX1_IRQHandler
                0x0000013e                EXTI3_IRQHandler
                0x0000013e                HSEM_Handler
                0x0000013e                UART1_IRQHandler
                0x0000013e                USBHS_IRQHandler
                0x0000013e                LPTIM2_IRQHandler
                0x0000013e                DMA2_Channel9_IRQHandler
                0x0000013e                TIM10_CC_IRQHandler
                0x0000013e                EXTI25_16_IRQHandler
                0x0000013e                I2C3_ER_IRQHandler
                0x0000013e                USBFS_IRQHandler
                0x0000013e                UART0_IRQHandler
                0x0000013e                USART8_IRQHandler
                0x0000013e                EXTI0_IRQHandler
                0x0000013e                I2C2_EV_IRQHandler
                0x0000013e                TIM10_TRG_COM_IRQHandler
                0x0000013e                LPTIM_IRQHandler
                0x0000013e                CAN1_RX0_IRQHandler
                0x0000013e                CAN3_SCE_IRQHandler
                0x0000013e                CAN2_SCE_IRQHandler
                0x0000013e                ADC1_2_IRQHandler
                0x0000013e                BB_IRQHandler
                0x0000013e                Break_Point_Handler
                0x0000013e                IPC_CH0_Handler
                0x0000013e                TIM2_CC_IRQHandler
                0x0000013e                SPI1_IRQHandler
                0x0000013e                USART5_IRQHandler
                0x0000013e                TAMPER_IRQHandler
                0x0000013e                TMR0_IRQHandler
                0x0000013e                AWU_IRQHandler
                0x0000013e                EXTI7_0_IRQHandler
                0x0000013e                CAN2_RX0_IRQHandler
                0x0000013e                OSCWakeUp_IRQHandler
                0x0000013e                TIM8_UP_IRQHandler
                0x0000013e                Ecall_M_Mode_Handler
                0x0000013e                ECDC_IRQHandler
                0x0000013e                SDMMC_IRQHandler
                0x0000013e                USART7_IRQHandler
                0x0000013e                DMA2_Channel2_IRQHandler
                0x0000013e                DMA1_Channel4_IRQHandler
                0x0000013e                ADC1_IRQHandler
                0x0000013e                TIM2_BRK_IRQHandler
                0x0000013e                USART6_IRQHandler
                0x0000013e                CAN3_RX0_IRQHandler
                0x0000013e                HSADC_IRQHandler
                0x0000013e                TIM9_UP_IRQHandler
                0x0000013e                USART3_IRQHandler
                0x0000013e                RTC_IRQHandler
                0x0000013e                DMA1_Channel7_IRQHandler
                0x0000013e                LED_IRQHandler
                0x0000013e                CAN1_RX1_IRQHandler
                0x0000013e                DVP_IRQHandler
                0x0000013e                UART5_IRQHandler
                0x0000013e                USBSS_IRQHandler
                0x0000013e                SWPMI_IRQHandler
                0x0000013e                USBPDWakeUp_IRQHandler
                0x0000013e                EXTI15_8_IRQHandler
                0x0000013e                TIM4_IRQHandler
                0x0000013e                DMA2_Channel1_IRQHandler
                0x0000013e                SWPMI_WKUP_IRQHandler
                0x0000013e                USBPD_WKUP_IRQHandler
                0x0000013e                I2C1_EV_IRQHandler
                0x0000013e                USBSSWakeup_IRQHandler
                0x0000013e                UART2_IRQHandler
                0x0000013e                USART4_IRQHandler
                0x0000013e                PWMX_IRQHandler
                0x0000013e                DMA1_Channel6_IRQHandler
                0x0000013e                UART4_IRQHandler
                0x0000013e                DMA2_Channel4_IRQHandler
                0x0000013e                TIM3_IRQHandler
                0x0000013e                RCC_IRQHandler
                0x0000013e                TIM1_TRG_COM_IRQHandler
                0x0000013e                DMA1_Channel1_IRQHandler
                0x0000013e                DMA2_Channel7_IRQHandler
                0x0000013e                QSPI1_IRQHandler
                0x0000013e                EXTI15_10_IRQHandler
                0x0000013e                ADC_IRQHandler
                0x0000013e                IPC_CH3_Handler
                0x0000013e                DMA1_Channel8_IRQHandler
                0x0000013e                I3C_EV_IRQHandler
                0x0000013e                TMR2_IRQHandler
                0x0000013e                I3C_WKUP_IRQHandler
                0x0000013e                DefaultIRQHandler
                0x0000013e                TIM12_IRQHandler
                0x0000013e                TIM7_IRQHandler
                0x0000013e                CAN2_TX_IRQHandler
                0x0000013e                TIM5_IRQHandler
                0x0000013e                I2C3_EV_IRQHandler
                0x0000013e                USB_IRQHandler
                0x0000013e                EXTI9_5_IRQHandler
                0x0000013e                PIOC_IRQHandler
                0x0000013e                TIM9_IRQHandler
                0x0000013e                LTDC_IRQHandler
                0x0000013e                SAI_IRQHandler
                0x0000013e                SPI2_IRQHandler
                0x0000013e                OSC32KCal_IRQHandler
                0x0000013e                IPC_CH1_Handler
                0x0000013e                I2C_IRQHandler
                0x0000013e                LPTIM1_WKUP_IRQHandler
                0x0000013e                TIM10_BRK_IRQHandler
                0x0000013e                TIM9_CC_IRQHandler
                0x0000013e                CAN1_TX_IRQHandler
                0x0000013e                DMA2_Channel5_IRQHandler
                0x0000013e                USB2_IRQHandler
                0x0000013e                USBHSWakeUp_IRQHandler
                0x0000013e                DMA1_Channel5_IRQHandler
                0x0000013e                EXTI4_IRQHandler
                0x0000013e                USB_LP_CAN1_RX0_IRQHandler
                0x0000013e                QSPI2_IRQHandler
                0x0000013e                RNG_IRQHandler
                0x0000013e                USB_HP_CAN1_TX_IRQHandler
                0x0000013e                LLE_IRQHandler
                0x0000013e                CMPWakeUp_IRQHandler
                0x0000013e                DMA1_Channel3_IRQHandler
                0x0000013e                FSMC_IRQHandler
                0x0000013e                ETH_IRQHandler
                0x0000013e                TIM1_UP_IRQHandler
                0x0000013e                LPTIMWakeUp_IRQHandler
                0x0000013e                WWDG_IRQHandler
                0x0000013e                USBHSWakeup_IRQHandler
                0x0000013e                DMA2_Channel11_IRQHandler
                0x0000013e                WDOG_BAT_IRQHandler
                0x0000013e                Ecall_U_Mode_Handler
                0x0000013e                I2C4_EV_IRQHandler
                0x0000013e                CAN3_TX_IRQHandler
                0x0000013e                TMR3_IRQHandler
                0x0000013e                DMA2_Channel6_IRQHandler
                0x0000013e                TIM2_IRQHandler
                0x0000013e                SW_Handler
                0x0000013e                TIM1_BRK_IRQHandler
                0x0000013e                GPHA_IRQHandler
                0x0000013e                OPA_IRQHandler
                0x0000013e                DMA2_Channel10_IRQHandler
                0x0000013e                EXTI1_IRQHandler
                0x0000013e                SPI0_IRQHandler
                0x0000013e                USB2_HOST_IRQHandler
                0x0000013e                LPTIM2_WKUP_IRQHandler
                0x0000013e                RTCAlarm_IRQHandler
                0x0000013e                TIM11_IRQHandler
                0x0000013e                TIM10_UP_IRQHandler
                0x0000013e                TIM9_TRG_COM_IRQHandler
                0x0000013e                UART7_IRQHandler
                0x0000013e                USART2_IRQHandler
                0x0000013e                UART6_IRQHandler
                0x0000013e                UHSIF_IRQHandler
                0x0000013e                ETHWakeUp_IRQHandler
                0x0000013e                I2C2_ER_IRQHandler
                0x0000013e                DMA1_Channel2_IRQHandler
                0x0000013e                TIM8_BRK_IRQHandler
                0x0000013e                TIM2_TRG_IRQHandler
                0x0000013e                CAN1_SCE_IRQHandler
                0x0000013e                FLASH_IRQHandler
                0x0000013e                USBFSWakeUp_IRQHandler
                0x0000013e                USART1_IRQHandler
                0x0000013e                OTG_FS_IRQHandler
                0x0000013e                SPI3_IRQHandler
                0x0000013e                USBFS_WakeUp_IRQHandler
                0x0000013e                UART3_IRQHandler
                0x0000013e                I2C1_ER_IRQHandler
                0x0000013e                FMC_IRQHandler
                0x0000013e                USB2_DEVICE_IRQHandler
                0x0000013e                LPTIM1_IRQHandler
                0x0000013e                DFSDM1_IRQHandler
                0x0000013e                TMR1_IRQHandler
                0x0000013e                I2C4_ER_IRQHandler
                0x0000013e                SERDES_IRQHandler
                0x0000013e                USBSS_LINK_IRQHandler
                0x0000013e                USBWakeUp_IRQHandler
                0x0000013e                DMA2_Channel3_IRQHandler
                0x00000140                NMI_Handler
                0x00000140                NMI_RCC_CSS_IRQHandler
 .text.SystemInit
                0x0000014e       0x48 /tmp/ccOFu1Kr.ltrans0.ltrans.o
                0x0000014e                SystemInit
 .text.startup.main
                0x00000196      0x182 /tmp/ccOFu1Kr.ltrans0.ltrans.o
                0x00000196                main
 *(.rodata)
 *(.rodata*)
 *(.gnu.linkonce.t.*)
                0x00000318                        . = ALIGN (0x4)
 *fill*         0x00000318        0x0 

.rela.dyn       0x00000318        0x0
 .rela.text.handle_reset
                0x00000318        0x0 /tmp/ccOFu1Kr.ltrans0.ltrans.o

.fini           0x00000318        0x0
 *(SORT_NONE(.fini))
                0x00000318                        . = ALIGN (0x4)
                [!provide]                        PROVIDE (_etext = .)
                [!provide]                        PROVIDE (_eitcm = .)

.preinit_array  0x00000318        0x0
                [!provide]                        PROVIDE (__preinit_array_start = .)
 *(.preinit_array)
                [!provide]                        PROVIDE (__preinit_array_end = .)

.init_array     0x00000318        0x0
                [!provide]                        PROVIDE (__init_array_start = .)
 *(SORT_BY_INIT_PRIORITY(.init_array.*) SORT_BY_INIT_PRIORITY(.ctors.*))
 *(.init_array EXCLUDE_FILE(*crtend?.o *crtend.o *crtbegin?.o *crtbegin.o) .ctors)
                [!provide]                        PROVIDE (__init_array_end = .)

.fini_array     0x00000318        0x0
                [!provide]                        PROVIDE (__fini_array_start = .)
 *(SORT_BY_INIT_PRIORITY(.fini_array.*) SORT_BY_INIT_PRIORITY(.dtors.*))
 *(.fini_array EXCLUDE_FILE(*crtend?.o *crtend.o *crtbegin?.o *crtbegin.o) .dtors)
                [!provide]                        PROVIDE (__fini_array_end = .)

.ctors
 *crtbegin.o(.ctors)
 *crtbegin?.o(.ctors)
 *(EXCLUDE_FILE(*crtend?.o *crtend.o) .ctors)
 *(SORT_BY_NAME(.ctors.*))
 *(.ctors)

.dtors
 *crtbegin.o(.dtors)
 *crtbegin?.o(.dtors)
 *(EXCLUDE_FILE(*crtend?.o *crtend.o) .dtors)
 *(SORT_BY_NAME(.dtors.*))
 *(.dtors)

.dalign         0x20000000        0x0 load address 0x00000318
                0x20000000                        . = ALIGN (0x4)
                0x20000000                        PROVIDE (_data_vma = .)

.dlalign        0x00000318        0x0
                0x00000318                        . = ALIGN (0x4)
                0x00000318                        PROVIDE (_data_lma = .)

.data           0x20000000       0x14 load address 0x00000318
                0x20000000                        . = ALIGN (0x4)
                0x200003fc                        __global_pointer$ = (. + 0x3fc)
 *(.gnu.linkonce.r.*)
 *(.data .data.*)
 *(.gnu.linkonce.d.*)
                0x20000000                        . = ALIGN (0x8)
 *(.sdata .sdata.*)
 .sdata.dir.1   0x20000000        0x1 /tmp/ccOFu1Kr.ltrans0.ltrans.o
 *(.sdata2*)
 *(.gnu.linkonce.s.*)
                0x20000008                        . = ALIGN (0x8)
 *fill*         0x20000001        0x7 
 *(.srodata.cst16)
 *(.srodata.cst8)
 *(.srodata.cst4)
 *(.srodata.cst2)
 *(.srodata .srodata.*)
 .srodata.lifeLeds
                0x20000008        0x3 /tmp/ccOFu1Kr.ltrans0.ltrans.o
 *fill*         0x2000000b        0x1 
 .srodata.ledStrip
                0x2000000c        0x8 /tmp/ccOFu1Kr.ltrans0.ltrans.o
                0x20000014                        . = ALIGN (0x4)
                0x20000014                        PROVIDE (_edata = .)

.bss            0x20000014        0x8 load address 0x0000032c
                0x20000014                        . = ALIGN (0x4)
                0x20000014                        PROVIDE (_sbss = .)
 *(.sbss*)
 .sbss.pos.0    0x20000014        0x1 /tmp/ccOFu1Kr.ltrans0.ltrans.o
 *fill*         0x20000015        0x3 
 .sbss.last     0x20000018        0x4 /tmp/ccOFu1Kr.ltrans0.ltrans.o
 *(.gnu.linkonce.sb.*)
 *(.bss*)
 *(.gnu.linkonce.b.*)
 *(COMMON*)
                0x2000001c                        . = ALIGN (0x4)
                0x2000001c                        PROVIDE (_ebss = .)
                [!provide]                        PROVIDE (_end = _ebss)
                [!provide]                        PROVIDE (end = .)
                0x20000800                        PROVIDE (_eusrstack = (ORIGIN (RAM) + LENGTH (RAM)))

/DISCARD/
 *(.note .note.*)
 *(.eh_frame .eh_frame.*)
 *(.comment .comment.*)
 *(.ARM.extab* .gnu.linkonce.armextab.*)
 *(.ARM.exidx*)
OUTPUT(main.elf elf32-littleriscv)

.riscv.attributes
                0x00000000       0x2e
 .riscv.attributes
                0x00000000       0x2e /tmp/ccOFu1Kr.ltrans0.ltrans.o

.debug_info     0x00000000     0x210b
 .debug_info    0x00000000      0xe77 /tmp/ccOFu1Kr.ltrans0.ltrans.o
 .debug_info    0x00000e77      0xe8a /tmp/ccDHmTp8.debug.temp.o
                0x00000e77                ch32fun.c.9e423f21
 .debug_info    0x00001d01      0x40a /tmp/cc6tdpNV.debug.temp.o
                0x00001d01                main.c.b42e4e43

.debug_abbrev   0x00000000      0x582
 .debug_abbrev  0x00000000      0x18a /tmp/ccOFu1Kr.ltrans0.ltrans.o
 .debug_abbrev  0x0000018a      0x24f /tmp/ccDHmTp8.debug.temp.o
 .debug_abbrev  0x000003d9      0x1a9 /tmp/cc6tdpNV.debug.temp.o

.debug_loclists
                0x00000000     0x1311
 .debug_loclists
                0x00000000     0x1311 /tmp/ccOFu1Kr.ltrans0.ltrans.o

.debug_aranges  0x00000000      0x130
 .debug_aranges
                0x00000000      0x130 /tmp/ccOFu1Kr.ltrans0.ltrans.o

.debug_rnglists
                0x00000000      0x1b5
 .debug_rnglists
                0x00000000      0x1b5 /tmp/ccOFu1Kr.ltrans0.ltrans.o

.debug_line     0x00000000     0x2466
 .debug_line    0x00000000     0x239f /tmp/ccOFu1Kr.ltrans0.ltrans.o
 .debug_line    0x0000239f       0x71 /tmp/ccDHmTp8.debug.temp.o
 .debug_line    0x00002410       0x56 /tmp/cc6tdpNV.debug.temp.o

.debug_str      0x00000000      0x71f
 .debug_str     0x00000000      0x71f /tmp/ccOFu1Kr.ltrans0.ltrans.o
                                0x17a (size before relaxing)
 .debug_str     0x0000071f      0x5b8 /tmp/ccDHmTp8.debug.temp.o
 .debug_str     0x0000071f      0x2ee /tmp/cc6tdpNV.debug.temp.o

.debug_line_str
                0x00000000      0x151
 .debug_line_str
                0x00000000      0x151 /tmp/ccOFu1Kr.ltrans0.ltrans.o
                                 0xab (size before relaxing)
 .debug_line_str
                0x00000151      0x13c /tmp/ccDHmTp8.debug.temp.o
 .debug_line_str
                0x00000151       0xaf /tmp/cc6tdpNV.debug.temp.o

.debug_frame    0x00000000      0x350
 .debug_frame   0x00000000      0x350 /tmp/ccOFu1Kr.ltrans0.ltrans.o
